{
  "solutions": [
    {
      "greeting_message": "Hello, nextmv!"
    }
  ],
  "statistics": {
    "result": {
      "custom": {
        "greeting_message": "Hello, nextmv!",
        "nextmv_version": "v0.0.0"
      },
      "duration": 0.123,
      "value": 14
    },
    "run": {
      "duration": 0.123
    },
    "schema": "v1"
  }
}
